// Jest Snapshot v1, https://goo.gl/fbAQLP

exports[`this is a sample test executes succesfully 1`] = `
<div>
  <button
    onClick={[Function]}
  >
    Click to contact background script 
  </button>
</div>
`;
